reg__94: 
case__83: 
reg__366: 
reg__247: 
logic__156: 
case__96: 
reg__154: 
reg__209: 
Result_Mux_Bit: 
logic__820: 
reg__370: 
logic__307: 
reg__87: 
reg__75: 
case__72: 
logic__1045: 
reg__196: 
blk_mem_gen_prim_width__parameterized22: 
keep__5: 
microblaze_v11_0_6_MB_MUXCY_XORCY: 
logic__944: 
reg__130: 
logic__173: 
reg__341: 
reg__293: 
logic__805: 
reg__153: 
reg__70: 
reg__18: 
case__8: 
logic__145: 
case__136: 
reg__145: 
reg__318: 
logic__716: 
logic__853: 
reg__74: 
case__51: 
logic__1130: 
reg__54: 
MB_LUT4__parameterized9: 
case__141: 
logic__439: 
logic__321: 
logic__959: 
logic__360: 
logic__1119: 
logic__475: 
logic__143: 
reg__249: 
MB_FD: 
logic__840: 
logic__105: 
reg__40: 
logic__456: 
case__93: 
logic__1076: 
reg__205: 
bd_3914: 
datapath__16: 
case__30: 
reg__283: 
reg__384: 
case__134: 
cdc_sync: 
reg__210: 
datapath__18: 
reg__399: 
logic__893: 
reg__353: 
reg__114: 
reg__459: 
reg__287: 
Data_Flow: 
logic__787: 
logic__913: 
logic__422: 
case__111: 
reg__401: 
case__65: 
logic__489: 
datapath__13: 
logic__404: 
logic__792: 
logic__849: 
reg__26: 
logic__590: 
reg__116: 
reg__395: 
blk_mem_gen_prim_width: 
reg__157: 
MB_LUT5: 
logic__175: 
logic__188: 
logic__579: 
logic__444: 
logic__1048: 
case__41: 
reg__200: 
logic__309: 
reg__412: 
logic__537: 
reg__201: 
logic__736: 
logic__447: 
reg__424: 
reg__358: 
reg__234: 
logic__786: 
case__144: 
case__25: 
logic__368: 
logic__128: 
case__53: 
blk_mem_gen_prim_width__parameterized30: 
reg__242: 
logic__146: 
blk_mem_gen_prim_wrapper__parameterized29: 
logic__168: 
lmb_mux__parameterized1: 
reg__47: 
MB_LUT4__parameterized3: 
reg__321: 
reg__255: 
Shift_Logic_Module: 
reg__448: 
reg__117: 
case__69: 
datapath__8: 
logic__902: 
logic__911: 
logic__669: 
logic__200: 
logic__355: 
logic__540: 
logic__411: 
logic__319: 
muxpart__1: 
reg__309: 
reg__439: 
logic__864: 
reg__51: 
logic__300: 
logic__153: 
blk_mem_gen_prim_width__parameterized7: 
logic__99: 
logic__848: 
reg__268: 
keep__2: 
logic__518: 
reg__72: 
reg__305: 
reg__113: 
logic__1002: 
logic__1073: 
reg__349: 
logic__547: 
reg__440: 
logic__981: 
logic__536: 
logic__698: 
case__48: 
reg__394: 
logic__396: 
logic__278: 
logic__1010: 
reg__215: 
logic__745: 
case__137: 
logic__494: 
reg__119: 
case__50: 
case__77: 
reg__86: 
logic__283: 
logic__506: 
logic__228: 
logic__496: 
logic__756: 
logic__481: 
Zero_Detect: 
reg__178: 
logic__850: 
logic__1087: 
logic__206: 
logic__577: 
microblaze_v11_0_6_MB_LUT3__parameterized0: 
logic__289: 
case__63: 
reg__284: 
case__79: 
logic__224: 
logic__1182: 
reg__470: 
logic__320: 
case__138: 
logic__230: 
reg__252: 
instr_mux: 
case__59: 
counter__2: 
reg__392: 
logic__480: 
case__86: 
logic__212: 
logic__381: 
reg__369: 
chu_gpi: 
logic__111: 
blk_mem_gen_prim_width__parameterized11: 
reg__393: 
logic__451: 
microblaze_v11_0_6_MB_LUT3__parameterized2: 
logic__584: 
reg__62: 
logic__152: 
logic__993: 
logic__184: 
logic__1054: 
reg__173: 
reg__33: 
reg__137: 
logic__924: 
reg__279: 
logic__102: 
logic__516: 
reg__195: 
logic__896: 
logic__122: 
blk_mem_gen_prim_wrapper__parameterized27: 
logic__244: 
logic__605: 
reg__207: 
logic__483: 
reg__89: 
case__120: 
blk_mem_gen_prim_width__parameterized18: 
case__84: 
logic__463: 
reg__73: 
reg__164: 
logic__821: 
reg__356: 
reg__281: 
LED_blinker: 
blk_mem_gen_prim_width__parameterized13: 
logic__507: 
logic__870: 
logic__1153: 
logic__464: 
logic__587: 
case__82: 
logic__172: 
reg__103: 
MB_LUT6_2__parameterized8: 
logic__529: 
reg__229: 
reg__307: 
reg__450: 
logic__596: 
reg__8: 
LED_core: 
logic__649: 
reg__188: 
logic__949: 
reg__443: 
logic__495: 
datapath__15: 
case__87: 
logic__397: 
blk_mem_gen_prim_wrapper__parameterized0: 
reg__146: 
logic__525: 
blk_mem_gen_prim_wrapper__parameterized17: 
blk_mem_gen_prim_width__parameterized26: 
blk_mem_gen_prim_wrapper__parameterized16: 
reg__481: 
logic__484: 
logic__276: 
logic__205: 
logic__815: 
reg__170: 
datapath__12: 
logic__648: 
logic__328: 
reg__21: 
iomodule_v3_1_7_UART: 
reg__390: 
logic__832: 
logic__448: 
case__147: 
uart_tx: 
reg__214: 
case__70: 
logic__493: 
logic__965: 
reg__20: 
logic__332: 
iomodule_v3_1_7_pselect_mask__parameterized0: 
reg__380: 
logic__785: 
logic__974: 
logic__737: 
reg__217: 
datapath__1: 
MB_LUT4__parameterized15: 
blk_mem_gen_top: 
logic__1072: 
logic__895: 
Operand_Select: 
logic__528: 
reg__226: 
reg__237: 
Shift_Logic_Bit: 
reg__9: 
case__118: 
reg__48: 
logic__469: 
logic__459: 
case__62: 
logic__501: 
logic__458: 
logic__806: 
logic__160: 
blk_mem_gen_prim_width__parameterized23: 
reg__432: 
datapath__17: 
logic__1032: 
blk_mem_gen_v8_4_4: 
chu_gpo: 
reg__248: 
logic__1189: 
logic__925: 
reg__485: 
logic__1113: 
reg__413: 
bd_3914_iomodule_0_0: 
logic__472: 
logic__273: 
logic__296: 
logic__1129: 
reg__263: 
case__61: 
blk_mem_gen_prim_wrapper__parameterized13: 
logic__1132: 
reg__462: 
reg__171: 
reg__91: 
logic__1095: 
reg__193: 
logic__955: 
bd_3914_lmb_bram_I_0: 
logic__541: 
reg__223: 
logic__708: 
reg__5: 
blk_mem_gen_prim_width__parameterized27: 
case__42: 
reg__141: 
logic__232: 
reg__269: 
reg__197: 
reg__415: 
reg__76: 
counter__4: 
blk_mem_gen_prim_width__parameterized21: 
reg__172: 
logic__304: 
Operand_Select_Bit__parameterized2: 
logic__877: 
ALU: 
logic__364: 
bindec: 
logic__807: 
logic__470: 
logic__634: 
case__11: 
reg__244: 
logic__255: 
reg__85: 
logic__267: 
interrupt_mode_converter: 
MB_LUT4__parameterized21: 
lmb_bram_if_cntlr_v4_0_19_pselect_mask__parameterized0: 
reg__176: 
reg__298: 
logic__361: 
reg__404: 
reg__299: 
reg__132: 
logic__1037: 
logic__796: 
reg__405: 
logic__252: 
reg__397: 
reg__93: 
Operand_Select_Bit: 
Operand_Select_Bit__parameterized10: 
logic__1052: 
logic__1069: 
logic__180: 
blk_mem_gen_generic_cstr: 
case__66: 
reg__101: 
logic__1208: 
logic__465: 
case__89: 
reg__451: 
reg__126: 
reg__416: 
counter__1: 
reg__109: 
logic__619: 
case__92: 
logic__236: 
reg__82: 
reg__465: 
reg__292: 
logic__338: 
reg__351: 
MB_LUT4__parameterized19: 
reg__294: 
reg__199: 
reg__421: 
reg__357: 
reg__466: 
reg__316: 
blk_mem_gen_prim_width__parameterized4: 
logic__523: 
intr_ctrl: 
logic__218: 
datapath__6: 
logic__572: 
logic__969: 
reg__417: 
reg__458: 
blk_mem_gen_prim_wrapper__parameterized7: 
logic__403: 
microblaze_v11_0_6_MB_FDR: 
logic__691: 
case__112: 
logic__933: 
blk_mem_gen_prim_wrapper__parameterized20: 
blk_mem_gen_prim_width__parameterized24: 
logic__772: 
blk_mem_gen_prim_wrapper__parameterized10: 
fifo_ctrl: 
reg__250: 
logic__1103: 
logic__405: 
timer_ms: 
datapath__10: 
logic__1089: 
logic__331: 
logic__125: 
reg__66: 
reg__355: 
logic__417: 
logic__316: 
reg__271: 
reg__256: 
PC_Module: 
reg__327: 
case__17: 
logic__833: 
logic__259: 
logic__388: 
logic__165: 
logic__803: 
logic__854: 
reg__431: 
logic__795: 
case__15: 
logic__732: 
reg__79: 
muxpart: 
logic__324: 
case__40: 
case__114: 
logic__264: 
reg__375: 
reg__100: 
logic__781: 
reg__361: 
logic__1200: 
reg__151: 
keep__4: 
MB_LUT5__parameterized1: 
logic__954: 
reg__335: 
reg__156: 
reg__324: 
logic__410: 
logic__256: 
logic__142: 
logic__225: 
blk_mem_gen_prim_wrapper__parameterized4: 
logic__601: 
logic__248: 
MB_FDS: 
reg__483: 
logic__1127: 
logic__637: 
logic__492: 
blk_mem_gen_prim_wrapper__parameterized23: 
datapath__3: 
reg__319: 
reg__262: 
case__46: 
logic__1022: 
blk_mem_gen_prim_wrapper__parameterized14: 
reg__58: 
logic__825: 
logic__391: 
reg__184: 
reg__265: 
logic__325: 
MB_LUT4__parameterized23: 
logic__216: 
logic__352: 
reg__102: 
logic__179: 
logic__512: 
logic__968: 
logic__312: 
logic__746: 
reg__155: 
reg__115: 
logic__739: 
logic__766: 
logic__843: 
logic__429: 
logic__369: 
logic__755: 
UART_Core: 
logic__692: 
reg__240: 
keep: 
reg__152: 
bd_3914_dlmb_cntlr_0: 
case__27: 
reg__185: 
reg__484: 
reg__133: 
logic__873: 
microblaze_v11_0_6_MB_FDSE: 
logic__1124: 
logic__1154: 
logic__1055: 
logic__531: 
logic__350: 
logic__560: 
logic__524: 
logic__327: 
bd_3914_dlmb_0: 
logic__919: 
logic__452: 
logic__1014: 
reg__60: 
reg__65: 
blk_mem_gen_prim_wrapper__parameterized8: 
case__98: 
case__52: 
logic__753: 
reg__166: 
logic__290: 
blk_mem_gen_prim_wrapper__parameterized24: 
reg__420: 
ALU_Bit__parameterized2: 
logic__440: 
logic__249: 
muxpart__3: 
blk_mem_gen_prim_wrapper__parameterized19: 
datapath__2: 
blk_mem_gen_prim_wrapper__parameterized11: 
logic__603: 
reg__396: 
logic__349: 
reg__105: 
reg__246: 
reg__131: 
reg__422: 
reg__428: 
reg: 
reg__456: 
reg__352: 
reg__334: 
reg__441: 
logic__567: 
logic__908: 
logic__504: 
reg__107: 
MB_LUT6_2__parameterized14: 
MB_LUT6_2__parameterized16: 
case__34: 
logic__543: 
logic__380: 
microblaze_v11_0_6_MB_FDRE: 
blk_mem_gen_prim_width__parameterized16: 
logic__1184: 
logic__532: 
logic__363: 
logic__1191: 
logic__372: 
logic__777: 
logic__261: 
logic__606: 
logic__997: 
logic__220: 
logic__1068: 
logic__207: 
reg__282: 
logic__424: 
reg__49: 
reg__53: 
reg__478: 
case__73: 
blk_mem_output_block: 
reg__364: 
logic__681: 
reg__386: 
logic__784: 
reg__189: 
reg__331: 
counter: 
logic__597: 
logic__392: 
reg__453: 
logic__162: 
blk_mem_gen_prim_wrapper__parameterized9: 
logic__163: 
reg__418: 
case__10: 
reg__337: 
reg__425: 
reg__34: 
reg__14: 
logic__412: 
logic__586: 
blk_mem_gen_prim_wrapper__parameterized25: 
logic__566: 
logic__642: 
blk_mem_gen_prim_wrapper__parameterized15: 
logic__136: 
blk_mem_gen_prim_wrapper__parameterized21: 
reg__314: 
reg__198: 
logic__213: 
reg__385: 
logic__148: 
logic__284: 
logic__740: 
reg__162: 
reg__398: 
logic__157: 
reg__317: 
logic__725: 
lmb_bram_if_cntlr: 
logic__129: 
logic__1036: 
reg__342: 
top: 
logic__867: 
reg__486: 
reg__447: 
logic__535: 
logic__580: 
reg__382: 
case__36: 
logic__555: 
logic__351: 
upcnt_n: 
muxpart__15: 
logic__268: 
logic__303: 
logic__878: 
reg__460: 
reg__165: 
logic__1203: 
logic__958: 
case__68: 
case__21: 
reg__203: 
blk_mem_gen_prim_width__parameterized29: 
reg__438: 
blk_mem_gen_prim_wrapper__parameterized26: 
logic__662: 
logic__487: 
logic__841: 
reg__243: 
chu_mmio_controller: 
microblaze_v11_0_6_MB_MULT_AND: 
logic__568: 
reg__57: 
logic__292: 
logic__280: 
reg__235: 
reg__191: 
logic__616: 
reg__194: 
logic__1149: 
logic__415: 
blk_mem_gen_prim_width__parameterized20: 
logic__641: 
logic__599: 
reg__161: 
MB_LUT4__parameterized7: 
PVR: 
case__100: 
reg__301: 
reg__350: 
datapath__11: 
microblaze_v11_0_6_MB_MUXCY: 
logic__520: 
case__47: 
reg__181: 
logic__608: 
logic__743: 
reg__16: 
Operand_Select_Bit__parameterized6: 
bd_3914_ilmb_0: 
logic__744: 
reg__39: 
logic__302: 
reg__136: 
iomodule: 
reg__84: 
keep__1: 
logic__517: 
MB_RAM32X1D: 
logic__658: 
logic__808: 
logic__1120: 
reg__476: 
case__58: 
reg__218: 
reg__254: 
reg__98: 
logic__860: 
logic__695: 
case__35: 
fifo: 
logic__1074: 
logic__241: 
case__119: 
reg__406: 
reg__379: 
logic__471: 
Register_File: 
logic__344: 
reg__61: 
reg__362: 
logic__612: 
case__57: 
logic__186: 
reg__311: 
xil_internal_svlib_uart: 
logic__398: 
logic__166: 
case__18: 
reg__159: 
datapath__4: 
reg__56: 
case__38: 
reg__359: 
case__54: 
logic__625: 
logic__857: 
reg__187: 
reg__228: 
reg__206: 
logic__588: 
logic__816: 
reg__213: 
reg__90: 
logic__1197: 
logic__409: 
logic__582: 
reg__7: 
reg__163: 
reg__286: 
case__135: 
bd_3914_microblaze_I_0: 
logic__326: 
case__49: 
logic__635: 
reg__272: 
mmio_sys_vanilla: 
reg__297: 
reg__377: 
case__26: 
logic__894: 
blk_mem_gen_prim_wrapper__parameterized3: 
case__22: 
logic__936: 
reg__258: 
reg__238: 
logic__499: 
reg__410: 
logic__1049: 
case__20: 
logic__460: 
reg__277: 
iomodule_v3_1_7_MB_FDR: 
case__7: 
blk_mem_gen_prim_width__parameterized25: 
reg__333: 
logic__279: 
reg__80: 
logic__247: 
reg__479: 
reg__326: 
reg__437: 
logic__436: 
reg__221: 
logic__556: 
reg__328: 
sequence_psr: 
logic__822: 
reg__13: 
logic__768: 
reg__167: 
logic__1116: 
logic__718: 
MB_LUT4__parameterized5: 
reg__179: 
case__24: 
reg__219: 
reg__46: 
logic__196: 
logic__457: 
microblaze_v11_0_6_MB_LUT3: 
logic__530: 
logic__724: 
reg__315: 
logic__508: 
logic__826: 
logic__445: 
logic__375: 
logic__1102: 
logic__650: 
blk_mem_gen_mux: 
logic__420: 
reg__43: 
reg__182: 
logic__135: 
logic__182: 
logic__1159: 
reg__472: 
logic__738: 
reg__138: 
reg__288: 
blk_mem_gen_prim_wrapper__parameterized5: 
reg__224: 
logic__680: 
case__60: 
reg__122: 
reg__339: 
case__115: 
case__1: 
reg__340: 
mux4_8: 
logic__240: 
logic__385: 
reg__433: 
reg__411: 
case__142: 
case__56: 
logic__907: 
reg__471: 
lpf: 
reg__436: 
logic__654: 
logic__367: 
case__139: 
logic__357: 
logic__235: 
logic__139: 
logic__154: 
logic__564: 
reg__31: 
logic__211: 
logic__752: 
reg__96: 
logic__169: 
reg__330: 
logic__1131: 
reg__313: 
reg__35: 
logic__735: 
logic__901: 
logic__277: 
baud_gen: 
logic__1075: 
lmb_v10: 
reg__376: 
reg__391: 
logic__379: 
logic__1061: 
reg__267: 
reg_file: 
logic__1204: 
MB_FDRSE: 
microblaze_v11_0_6_MB_LUT6__parameterized0: 
reg__461: 
logic__150: 
reg__55: 
reg__454: 
reg__78: 
MicroBlaze_Core: 
blk_mem_gen_prim_wrapper__parameterized30: 
logic__984: 
reg__467: 
reg__104: 
reg__148: 
logic__754: 
logic__1062: 
reg__41: 
logic__696: 
MB_LUT4__parameterized13: 
reg__264: 
reg__50: 
blk_mem_input_block: 
reg__332: 
reg__134: 
reg__37: 
logic__177: 
logic__688: 
blk_mem_gen_prim_width__parameterized17: 
logic__343: 
logic__609: 
PC_Bit: 
logic__948: 
reg__211: 
reg__222: 
logic__254: 
case__3: 
logic__682: 
logic__513: 
reg__120: 
logic__790: 
case__16: 
reg__388: 
reg__426: 
muxpart__14: 
logic__1121: 
reg__374: 
counter__3: 
case__91: 
reg__389: 
logic__998: 
logic__288: 
microblaze_v11_0_6_mb_sync_bit: 
MB_LUT4__parameterized11: 
case__31: 
reg__231: 
microblaze_v11_0_6_MB_LUT3__parameterized1: 
logic__581: 
reg__111: 
reg__143: 
muxpart__2: 
case__43: 
case__74: 
reg__124: 
reg__296: 
case__143: 
case__99: 
reg__236: 
logic__333: 
reg__323: 
logic__655: 
MicroBlaze: 
logic__468: 
blk_mem_gen_prim_wrapper__parameterized18: 
blk_mem_gen_prim_width__parameterized19: 
logic__814: 
logic__337: 
reg__261: 
reg__239: 
reg__149: 
bd_3914_ilmb_cntlr_0: 
logic__482: 
reg__457: 
MSR_Reg_Bit: 
logic__565: 
reg__233: 
MB_FDE: 
blk_mem_gen_prim_width__parameterized28: 
keep__3: 
logic__964: 
logic__243: 
reg__257: 
logic__187: 
reg__174: 
reg__158: 
blk_mem_gen_prim_width__parameterized2: 
logic__604: 
logic__690: 
logic__773: 
reg__463: 
reg__381: 
logic__1104: 
reg__429: 
reg__402: 
reg__232: 
reg__383: 
uart_rx: 
reg__325: 
logic__817: 
reg__295: 
logic__229: 
reg__365: 
case__28: 
logic__164: 
logic__767: 
case__44: 
logic__844: 
logic__640: 
reg__336: 
case__9: 
reg__409: 
case__5: 
ALU_Bit: 
reg__71: 
logic__301: 
case__116: 
logic__108: 
logic__174: 
MSR_Reg: 
logic__315: 
logic__897: 
reg__28: 
logic__1155: 
reg__95: 
blk_mem_gen_prim_width__parameterized8: 
logic__602: 
reg__97: 
case__32: 
reg__190: 
reg__23: 
Byte_Doublet_Handle: 
reg__400: 
MB_LUT6_2__parameterized6: 
logic__313: 
logic__185: 
logic__423: 
case__64: 
reg__30: 
case__13: 
logic__713: 
reg__3: 
blk_mem_gen_prim_width__parameterized15: 
reg__348: 
logic__593: 
reg__99: 
reg__480: 
logic__500: 
case__12: 
reg__25: 
logic__1050: 
reg__241: 
logic__1202: 
PIT_Module: 
reg__343: 
reg__208: 
logic__673: 
reg__12: 
logic__393: 
logic__1126: 
logic__571: 
logic__1053: 
logic__266: 
reg__183: 
reg__112: 
reg__27: 
logic__615: 
logic__151: 
reg__92: 
logic__731: 
reg__354: 
muxpart__5: 
blk_mem_gen_prim_wrapper__parameterized12: 
reg__253: 
reg__204: 
case__81: 
logic__975: 
lmb_bram_if_cntlr_v4_0_19_pselect_mask: 
mcs_top_vanilla: 
reg__304: 
MB_LUT4: 
reg__52: 
logic__339: 
reg__29: 
logic__408: 
microblaze_v11_0_6_MB_LUT3__parameterized4: 
blk_mem_gen_prim_width__parameterized0: 
reg__88: 
reg__230: 
logic__476: 
logic__1125: 
case__88: 
lmb_bram_if_cntlr__parameterized1: 
reg__123: 
logic__428: 
logic__271: 
logic__598: 
logic__1205: 
reg__445: 
MB_LUT4__parameterized1: 
case__45: 
logic__1018: 
logic__399: 
logic__336: 
logic__345: 
blk_mem_gen_prim_wrapper: 
reg__42: 
reg__44: 
reg__129: 
MB_LUT6_2: 
logic__384: 
reg__320: 
reg__276: 
logic__578: 
reg__344: 
reg__414: 
chu_mcs_bridge: 
MB_LUT6_2__parameterized4: 
logic__1185: 
reg__118: 
reg__68: 
logic__217: 
reg__423: 
datapath__14: 
logic__1186: 
datapath: 
logic__636: 
reg__372: 
logic__589: 
logic__297: 
logic__920: 
MicroBlaze_Area: 
logic__676: 
case__33: 
case__117: 
reg__289: 
logic__932: 
blk_mem_gen_prim_width__parameterized1: 
case__37: 
reg__38: 
reg__168: 
reg__139: 
reg__4: 
logic: 
logic__937: 
logic__291: 
logic__147: 
logic__121: 
reg__150: 
logic__1194: 
reg__212: 
logic__441: 
microblaze_v11_0_6_MB_LUT3__parameterized3: 
logic__511: 
logic__697: 
reg__251: 
logic__595: 
reg__434: 
logic__889: 
reg__6: 
Decode: 
logic__1001: 
logic__818: 
reg__285: 
logic__734: 
reg__135: 
logic__761: 
logic__161: 
reg__446: 
logic__751: 
chu_uart: 
logic__434: 
FIT_Module: 
reg__473: 
logic__477: 
logic__453: 
reg__110: 
logic__308: 
logic__544: 
logic__622: 
reg__477: 
reg__442: 
logic__373: 
reg__270: 
logic__386: 
blk_mem_gen_prim_width__parameterized3: 
blk_mem_gen_prim_width__parameterized10: 
logic__376: 
logic__881: 
logic__219: 
reg__482: 
case__67: 
reg__280: 
blk_mem_gen_prim_wrapper__parameterized6: 
reg__302: 
reg__368: 
logic__573: 
logic__231: 
reg__177: 
logic__1211: 
logic__204: 
reg__225: 
logic__887: 
case__148: 
logic__742: 
MB_LUT2: 
case__75: 
logic__1006: 
logic__723: 
logic__1051: 
reg__36: 
logic__265: 
MB_LUT4__parameterized17: 
reg__455: 
logic__340: 
reg__308: 
blk_mem_gen_prim_width__parameterized9: 
logic__1183: 
reg__2: 
logic__356: 
logic__802: 
bd_3914_rst_0_0: 
reg__329: 
reg__108: 
blk_mem_gen_prim_width__parameterized5: 
reg__408: 
reg__128: 
reg__303: 
blk_mem_gen_prim_width__parameterized12: 
case__71: 
case__4: 
case__29: 
logic__996: 
case__23: 
Result_Mux: 
logic__237: 
reg__186: 
reg__32: 
logic__554: 
microblaze_v11_0_6_MB_LUT6: 
logic__757: 
Wrapper: 
reg__378: 
datapath__5: 
logic__548: 
reg__67: 
reg__452: 
logic__400: 
logic__242: 
logic__144: 
logic__115: 
logic__446: 
reg__1: 
reg__216: 
Operand_Select_Bit__parameterized12: 
logic__208: 
reg__274: 
blk_mem_gen_prim_wrapper__parameterized22: 
logic__314: 
logic__170: 
logic__1081: 
case__39: 
GPI_Module: 
logic__1210: 
logic__842: 
logic__1088: 
reg__266: 
blk_mem_gen_prim_width__parameterized6: 
logic__285: 
logic__427: 
reg__430: 
logic__178: 
case__145: 
case__133: 
case__55: 
MB_SRL16E: 
logic__651: 
case__80: 
cpu: 
case__6: 
reg__83: 
logic__912: 
muxpart__27: 
reg__435: 
reg__312: 
logic__679: 
logic__542: 
reg__127: 
reg__273: 
mul_unit: 
case__140: 
case__113: 
logic__553: 
Operand_Select_Bit__parameterized4: 
reg__11: 
case__110: 
proc_sys_reset: 
logic__663: 
muxpart__4: 
microblaze_v11_0_6_MB_MUXF7: 
reg__427: 
reg__360: 
logic__607: 
logic__374: 
logic__898: 
reg__19: 
reg__59: 
reg__367: 
blk_mem_gen_mux__parameterized0: 
logic__836: 
logic__801: 
logic__717: 
GPO_Module: 
logic__741: 
logic__167: 
logic__600: 
reg__275: 
blk_mem_gen_prim_wrapper__parameterized28: 
logic__1190: 
reg__45: 
reg__192: 
reg__300: 
chu_timer: 
logic__559: 
logic__519: 
reg__24: 
logic__295: 
logic__631: 
reg__220: 
logic__594: 
logic__199: 
reg__142: 
reg__278: 
logic__114: 
logic__387: 
logic__549: 
reg__106: 
logic__799: 
logic__253: 
logic__890: 
reg__125: 
reg__444: 
logic__201: 
logic__272: 
logic__149: 
reg__259: 
logic__348: 
reg__202: 
reg__373: 
reg__338: 
case__90: 
logic__362: 
logic__432: 
reg__345: 
reg__180: 
reg__306: 
logic__433: 
logic__223: 
logic__488: 
logic__666: 
logic__888: 
logic__704: 
case__76: 
lmb_mux: 
logic__1158: 
MB_LUT6_2__parameterized2: 
case__146: 
reg__387: 
logic__183: 
logic__421: 
PreFetch_Buffer: 
reg__144: 
reg__63: 
reg__175: 
logic__921: 
MB_LUT6_2__parameterized12: 
logic__155: 
logic__552: 
logic__839: 
logic__98: 
blk_mem_gen_prim_wrapper__parameterized1: 
case__109: 
reg__291: 
lmb_v10__parameterized1: 
reg__371: 
reg__245: 
datapath__9: 
logic__945: 
logic__576: 
logic__171: 
reg__169: 
reg__227: 
logic__1105: 
logic__416: 
case__14: 
reg__464: 
logic__689: 
logic__176: 
logic__1101: 
blk_mem_gen_v8_4_4_synth: 
logic__876: 
Operand_Select_Bit__parameterized8: 
logic__1157: 
case__19: 
logic__583: 
reg__81: 
iomodule_v3_1_7_pselect_mask: 
case__97: 
reg__407: 
reg__346: 
reg__310: 
logic__683: 
case: 
reg__147: 
reg__419: 
logic__1108: 
reg__121: 
reg__77: 
case__95: 
reg__290: 
logic__435: 
reg__140: 
reg__69: 
reg__22: 
case__2: 
Iomodule_core: 
logic__733: 
datapath__7: 
logic__1123: 
MB_LUT6_2__parameterized10: 
logic__628: 
reg__64: 
logic__863: 
blk_mem_gen_prim_width__parameterized14: 
reg__363: 
reg__17: 
reg__322: 
logic__181: 
reg__449: 
reg__347: 
reg__403: 
Register_File_Bit: 
logic__705: 
logic__505: 
logic__585: 
case__94: 
reg__15: 
logic__260: 
blk_mem_gen_prim_wrapper__parameterized2: 
logic__561: 
reg__260: 
logic__661: 
reg__160: 
logic__804: 
reg__10: 
logic__978: 
logic__1152: 
logic__647: 
logic__1209: 
